// Jest Snapshot v1, https://goo.gl/fbAQLP

exports[`Users API Schema Snapshot should match the OpenAPI snapshot for Users API: Users API Paths 1`] = `
{
  "/users": {
    "get": {
      "operationId": "UsersController_findAll",
      "parameters": [],
      "responses": {
        "200": {
          "content": {
            "application/json": {
              "schema": {
                "items": {
                  "$ref": "#/components/schemas/UserAdminResponseDto",
                },
                "type": "array",
              },
            },
          },
          "description": "List of all users",
        },
        "401": {
          "description": "Unauthorized",
        },
        "403": {
          "description": "Forbidden (admin only)",
        },
      },
      "security": [
        {
          "JWT-auth": [],
        },
      ],
      "summary": "Get all users (admin only)",
      "tags": [
        "users",
      ],
    },
  },
  "/users/me": {
    "get": {
      "operationId": "UsersController_getProfile",
      "parameters": [],
      "responses": {
        "200": {
          "content": {
            "application/json": {
              "schema": {
                "$ref": "#/components/schemas/ProfileResponseDto",
              },
            },
          },
          "description": "Current user profile",
        },
        "401": {
          "description": "Unauthorized",
        },
        "404": {
          "description": "User not found",
        },
      },
      "security": [
        {
          "JWT-auth": [],
        },
      ],
      "summary": "Get current user profile",
      "tags": [
        "users",
      ],
    },
    "patch": {
      "operationId": "UsersController_updateProfile",
      "parameters": [
        {
          "description": "Optional client-generated key that deduplicates retried requests. Replaying the same key with an identical request body returns the original cached response instead of repeating the operation.",
          "in": "header",
          "name": "Idempotency-Key",
          "required": false,
          "schema": {
            "type": "string",
          },
        },
      ],
      "requestBody": {
        "content": {
          "application/json": {
            "schema": {
              "$ref": "#/components/schemas/UpdateProfileDto",
            },
          },
        },
        "required": true,
      },
      "responses": {
        "200": {
          "content": {
            "application/json": {
              "schema": {
                "$ref": "#/components/schemas/ProfileResponseDto",
              },
            },
          },
          "description": "Profile updated successfully",
        },
        "400": {
          "description": "Invalid profile payload",
        },
        "401": {
          "description": "Unauthorized",
        },
        "404": {
          "description": "User not found",
        },
        "409": {
          "description": "A request with the same Idempotency-Key is already being processed.",
        },
        "422": {
          "description": "The Idempotency-Key was already used with a different request body.",
        },
      },
      "security": [
        {
          "JWT-auth": [],
        },
      ],
      "summary": "Update current user profile",
      "tags": [
        "users",
      ],
    },
  },
  "/users/me/accounts": {
    "get": {
      "operationId": "UsersController_getMyStellarAccounts",
      "parameters": [],
      "responses": {
        "200": {
          "content": {
            "application/json": {
              "schema": {
                "items": {
                  "$ref": "#/components/schemas/StellarAccountResponseDto",
                },
                "type": "array",
              },
            },
          },
          "description": "",
        },
        "401": {
          "description": "Unauthorized",
        },
      },
      "security": [
        {
          "JWT-auth": [],
        },
      ],
      "summary": "Get all linked Stellar accounts for current user",
      "tags": [
        "users",
      ],
    },
    "post": {
      "operationId": "UsersController_addStellarAccount",
      "parameters": [
        {
          "description": "Optional client-generated key that deduplicates retried requests. Replaying the same key with an identical request body returns the original cached response instead of repeating the operation.",
          "in": "header",
          "name": "Idempotency-Key",
          "required": false,
          "schema": {
            "type": "string",
          },
        },
      ],
      "requestBody": {
        "content": {
          "application/json": {
            "schema": {
              "$ref": "#/components/schemas/LinkStellarAccountDto",
            },
          },
        },
        "required": true,
      },
      "responses": {
        "201": {
          "content": {
            "application/json": {
              "schema": {
                "$ref": "#/components/schemas/StellarAccountResponseDto",
              },
            },
          },
          "description": "",
        },
        "400": {
          "description": "Invalid Stellar account payload",
        },
        "401": {
          "description": "Unauthorized",
        },
        "409": {
          "description": "A request with the same Idempotency-Key is already being processed.",
        },
        "422": {
          "description": "The Idempotency-Key was already used with a different request body.",
        },
      },
      "security": [
        {
          "JWT-auth": [],
        },
      ],
      "summary": "Link a new Stellar account to user profile",
      "tags": [
        "users",
      ],
    },
  },
  "/users/me/accounts/{id}": {
    "delete": {
      "operationId": "UsersController_removeMyStellarAccount",
      "parameters": [
        {
          "in": "path",
          "name": "id",
          "required": true,
          "schema": {
            "type": "string",
          },
        },
        {
          "description": "Optional client-generated key that deduplicates retried requests. Replaying the same key with an identical request body returns the original cached response instead of repeating the operation.",
          "in": "header",
          "name": "Idempotency-Key",
          "required": false,
          "schema": {
            "type": "string",
          },
        },
      ],
      "responses": {
        "204": {
          "description": "Stellar account unlinked",
        },
        "401": {
          "description": "Unauthorized",
        },
        "404": {
          "description": "Stellar account not found",
        },
        "409": {
          "description": "A request with the same Idempotency-Key is already being processed.",
        },
        "422": {
          "description": "The Idempotency-Key was already used with a different request body.",
        },
      },
      "security": [
        {
          "JWT-auth": [],
        },
      ],
      "summary": "Unlink a Stellar account from current user",
      "tags": [
        "users",
      ],
    },
    "get": {
      "operationId": "UsersController_getMyStellarAccount",
      "parameters": [
        {
          "in": "path",
          "name": "id",
          "required": true,
          "schema": {
            "type": "string",
          },
        },
      ],
      "responses": {
        "200": {
          "content": {
            "application/json": {
              "schema": {
                "$ref": "#/components/schemas/StellarAccountResponseDto",
              },
            },
          },
          "description": "",
        },
        "401": {
          "description": "Unauthorized",
        },
        "404": {
          "description": "Stellar account not found",
        },
      },
      "security": [
        {
          "JWT-auth": [],
        },
      ],
      "summary": "Get a specific Stellar account for current user",
      "tags": [
        "users",
      ],
    },
  },
  "/users/me/accounts/{id}/label": {
    "patch": {
      "operationId": "UsersController_updateMyStellarAccountLabel",
      "parameters": [
        {
          "in": "path",
          "name": "id",
          "required": true,
          "schema": {
            "type": "string",
          },
        },
        {
          "description": "Optional client-generated key that deduplicates retried requests. Replaying the same key with an identical request body returns the original cached response instead of repeating the operation.",
          "in": "header",
          "name": "Idempotency-Key",
          "required": false,
          "schema": {
            "type": "string",
          },
        },
      ],
      "requestBody": {
        "content": {
          "application/json": {
            "schema": {
              "$ref": "#/components/schemas/UpdateStellarAccountLabelDto",
            },
          },
        },
        "required": true,
      },
      "responses": {
        "200": {
          "content": {
            "application/json": {
              "schema": {
                "$ref": "#/components/schemas/StellarAccountResponseDto",
              },
            },
          },
          "description": "",
        },
        "400": {
          "description": "Invalid label payload",
        },
        "401": {
          "description": "Unauthorized",
        },
        "404": {
          "description": "Stellar account not found",
        },
        "409": {
          "description": "A request with the same Idempotency-Key is already being processed.",
        },
        "422": {
          "description": "The Idempotency-Key was already used with a different request body.",
        },
      },
      "security": [
        {
          "JWT-auth": [],
        },
      ],
      "summary": "Update account label for current user",
      "tags": [
        "users",
      ],
    },
  },
  "/users/me/accounts/{id}/primary": {
    "post": {
      "operationId": "UsersController_setMyPrimaryAccount",
      "parameters": [
        {
          "in": "path",
          "name": "id",
          "required": true,
          "schema": {
            "type": "string",
          },
        },
        {
          "description": "Optional client-generated key that deduplicates retried requests. Replaying the same key with an identical request body returns the original cached response instead of repeating the operation.",
          "in": "header",
          "name": "Idempotency-Key",
          "required": false,
          "schema": {
            "type": "string",
          },
        },
      ],
      "responses": {
        "200": {
          "description": "Primary account updated",
        },
        "401": {
          "description": "Unauthorized",
        },
        "404": {
          "description": "Stellar account not found",
        },
        "409": {
          "description": "A request with the same Idempotency-Key is already being processed.",
        },
        "422": {
          "description": "The Idempotency-Key was already used with a different request body.",
        },
      },
      "security": [
        {
          "JWT-auth": [],
        },
      ],
      "summary": "Set as primary account for current user",
      "tags": [
        "users",
      ],
    },
  },
  "/users/me/avatar": {
    "patch": {
      "operationId": "UsersController_uploadAvatar",
      "parameters": [
        {
          "description": "Optional client-generated key that deduplicates retried requests. Replaying the same key with an identical request body returns the original cached response instead of repeating the operation.",
          "in": "header",
          "name": "Idempotency-Key",
          "required": false,
          "schema": {
            "type": "string",
          },
        },
      ],
      "responses": {
        "200": {
          "description": "Profile image uploaded",
        },
        "400": {
          "description": "Invalid or unsupported image file",
        },
        "401": {
          "description": "Unauthorized",
        },
        "409": {
          "description": "A request with the same Idempotency-Key is already being processed.",
        },
        "422": {
          "description": "The Idempotency-Key was already used with a different request body.",
        },
      },
      "security": [
        {
          "JWT-auth": [],
        },
      ],
      "summary": "Upload user profile image",
      "tags": [
        "users",
      ],
    },
  },
  "/users/{id}": {
    "get": {
      "operationId": "UsersController_findById",
      "parameters": [
        {
          "in": "path",
          "name": "id",
          "required": true,
          "schema": {
            "type": "string",
          },
        },
      ],
      "responses": {
        "200": {
          "content": {
            "application/json": {
              "schema": {
                "$ref": "#/components/schemas/UserAdminResponseDto",
              },
            },
          },
          "description": "User found",
        },
        "401": {
          "description": "Unauthorized",
        },
        "403": {
          "description": "Forbidden (admin only)",
        },
        "404": {
          "description": "User not found",
        },
      },
      "security": [
        {
          "JWT-auth": [],
        },
      ],
      "summary": "Get user by ID (admin only)",
      "tags": [
        "users",
      ],
    },
  },
}
`;

exports[`Users API Schema Snapshot should match the OpenAPI snapshot for Users API: Users API Schemas 1`] = `
{
  "LinkStellarAccountDto": {
    "properties": {
      "label": {
        "description": "Optional label for the account",
        "example": "Trading Wallet",
        "type": "string",
      },
      "publicKey": {
        "description": "Stellar public key (starts with G)",
        "example": "GAAAAAAAAAAAAAAAAAAAAAAAAAAAAAAAAAAAAAAAAAAAAAAAAAAAAHHF",
        "type": "string",
      },
      "signedChallenge": {
        "description": "Signed challenge transaction XDR proving ownership of public key",
        "example": "AAAAA...",
        "type": "string",
      },
    },
    "required": [
      "publicKey",
      "signedChallenge",
    ],
    "type": "object",
  },
  "ProfileResponseDto": {
    "properties": {
      "avatarUrl": {
        "description": "URL to user avatar image",
        "type": "string",
      },
      "bio": {
        "description": "User bio/description",
        "type": "string",
      },
      "createdAt": {
        "description": "When the user account was created",
        "format": "date-time",
        "type": "string",
      },
      "displayName": {
        "description": "Display name shown in the UI",
        "type": "string",
      },
      "email": {
        "description": "User email address",
        "type": "string",
      },
      "firstName": {
        "description": "First name",
        "type": "string",
      },
      "id": {
        "description": "User ID",
        "type": "string",
      },
      "lastName": {
        "description": "Last name",
        "type": "string",
      },
      "preferences": {
        "description": "User notification/currency preferences",
        "type": "object",
      },
      "stellarPublicKey": {
        "description": "Primary linked Stellar public key",
        "type": "string",
      },
      "updatedAt": {
        "description": "When the user account was last updated",
        "format": "date-time",
        "type": "string",
      },
    },
    "required": [
      "id",
      "email",
      "createdAt",
      "updatedAt",
    ],
    "type": "object",
  },
  "StellarAccountResponseDto": {
    "properties": {
      "createdAt": {
        "format": "date-time",
        "type": "string",
      },
      "id": {
        "type": "string",
      },
      "isActive": {
        "type": "boolean",
      },
      "isPrimary": {
        "type": "boolean",
      },
      "label": {
        "nullable": true,
        "type": "object",
      },
      "publicKey": {
        "type": "string",
      },
      "updatedAt": {
        "format": "date-time",
        "type": "string",
      },
    },
    "required": [
      "id",
      "publicKey",
      "isPrimary",
      "isActive",
      "createdAt",
      "updatedAt",
    ],
    "type": "object",
  },
  "UpdateNotificationPreferencesDto": {
    "properties": {
      "newsAlerts": {
        "description": "Enable news alert notifications",
        "example": true,
        "type": "boolean",
      },
      "priceAlerts": {
        "description": "Enable price alert notifications",
        "example": true,
        "type": "boolean",
      },
      "securityAlerts": {
        "description": "Enable security alert notifications",
        "example": true,
        "type": "boolean",
      },
    },
    "type": "object",
  },
  "UpdatePreferencesDto": {
    "properties": {
      "notifications": {
        "allOf": [
          {
            "$ref": "#/components/schemas/UpdateNotificationPreferencesDto",
          },
        ],
        "description": "Notification preference set",
      },
      "preferredCurrency": {
        "description": "Preferred currency for portfolio valuation",
        "enum": [
          "USD",
          "EUR",
          "GBP",
          "NGN",
          "XLM",
        ],
        "example": "USD",
        "type": "string",
      },
    },
    "type": "object",
  },
  "UpdateProfileDto": {
    "properties": {
      "avatarUrl": {
        "description": "URL to user avatar image",
        "example": "https://example.com/avatar.jpg",
        "type": "string",
      },
      "bio": {
        "description": "User bio/description",
        "example": "Software developer passionate about blockchain technology",
        "type": "string",
      },
      "displayName": {
        "description": "Display name for user",
        "example": "John Doe",
        "type": "string",
      },
      "preferences": {
        "allOf": [
          {
            "$ref": "#/components/schemas/UpdatePreferencesDto",
          },
        ],
        "description": "User preference updates",
      },
    },
    "type": "object",
  },
  "UpdateStellarAccountLabelDto": {
    "properties": {
      "label": {
        "description": "New label for the account",
        "example": "Savings Wallet",
        "type": "string",
      },
    },
    "required": [
      "label",
    ],
    "type": "object",
  },
  "UserAdminResponseDto": {
    "properties": {
      "avatarUrl": {
        "description": "URL to user avatar image",
        "nullable": true,
        "type": "object",
      },
      "bio": {
        "description": "User bio/description",
        "nullable": true,
        "type": "object",
      },
      "createdAt": {
        "description": "When the user account was created",
        "format": "date-time",
        "type": "string",
      },
      "displayName": {
        "description": "Display name shown in the UI",
        "nullable": true,
        "type": "object",
      },
      "email": {
        "description": "User email address",
        "nullable": true,
        "type": "object",
      },
      "firstName": {
        "description": "First name",
        "nullable": true,
        "type": "object",
      },
      "id": {
        "description": "User ID",
        "type": "string",
      },
      "lastName": {
        "description": "Last name",
        "nullable": true,
        "type": "object",
      },
      "preferences": {
        "description": "User notification/currency preferences",
        "type": "object",
      },
      "role": {
        "description": "User role",
        "enum": [
          "user",
          "reviewer",
          "admin",
        ],
        "type": "string",
      },
      "stellarPublicKey": {
        "description": "Primary linked Stellar public key",
        "nullable": true,
        "type": "object",
      },
      "twoFactorEnabled": {
        "description": "Whether two-factor authentication is enabled",
        "type": "boolean",
      },
      "updatedAt": {
        "description": "When the user account was last updated",
        "format": "date-time",
        "type": "string",
      },
    },
    "required": [
      "id",
      "role",
      "preferences",
      "twoFactorEnabled",
      "createdAt",
      "updatedAt",
    ],
    "type": "object",
  },
}
`;
